// Jest Snapshot v1, https://goo.gl/fbAQLP

exports[`Index should match snapshot 1`] = `
<div>
  <a
    href="/products"
    onClick={[Function]}
    onMouseEnter={[Function]}
  >
    this page!
  </a>
</div>
`;
